=== Iniciando trabajo TSP con MPI ===
Ciudades        : 5
Slots pedidos   : 16
Nodo maestro    : compute-0-1.local
Fecha inicio    : Mon May 18 08:12:55 EDT 2026
Nodos asignados :
compute-0-1.local 3 all.q@compute-0-1.local UNDEFINED
compute-0-6.local 4 all.q@compute-0-6.local UNDEFINED
compute-0-5.local 4 all.q@compute-0-5.local UNDEFINED
compute-0-2.local 4 all.q@compute-0-2.local UNDEFINED
compute-0-4.local 1 all.q@compute-0-4.local UNDEFINED
----------------------------------------
Fichero de maquinas:
compute-0-1.local
compute-0-1.local
compute-0-1.local
compute-0-6.local
compute-0-6.local
compute-0-6.local
compute-0-6.local
compute-0-5.local
compute-0-5.local
compute-0-5.local
compute-0-5.local
compute-0-2.local
compute-0-2.local
compute-0-2.local
compute-0-2.local
compute-0-4.local
----------------------------------------

real	0m1.437s
user	0m0.101s
sys	0m0.036s
----------------------------------------
Trabajo finalizado: Mon May 18 08:12:56 EDT 2026
