=== Iniciando trabajo TSP con MPI ===
Ciudades        : 50
Slots pedidos   : 8
Nodo maestro    : compute-0-0.local
Fecha inicio    : Mon May 18 13:40:27 CEST 2026
Nodos asignados :
compute-0-0.local 4 all.q@compute-0-0.local UNDEFINED
compute-0-4.local 2 all.q@compute-0-4.local UNDEFINED
compute-0-3.local 1 all.q@compute-0-3.local UNDEFINED
compute-0-7.local 1 all.q@compute-0-7.local UNDEFINED
----------------------------------------
Fichero de maquinas:
compute-0-0.local
compute-0-0.local
compute-0-0.local
compute-0-0.local
compute-0-4.local
compute-0-4.local
compute-0-3.local
compute-0-7.local
----------------------------------------

real	131m38.067s
user	230m26.798s
sys	3m33.552s
----------------------------------------
Trabajo finalizado: Mon May 18 15:52:05 CEST 2026
