=== Iniciando trabajo TSP con MPI ===
Ciudades        : 5
Slots pedidos   : 8
Nodo maestro    : compute-0-6.local
Fecha inicio    : Mon May 18 08:13:10 EDT 2026
Nodos asignados :
compute-0-6.local 4 all.q@compute-0-6.local UNDEFINED
compute-0-1.local 3 all.q@compute-0-1.local UNDEFINED
compute-0-2.local 1 all.q@compute-0-2.local UNDEFINED
----------------------------------------
Fichero de maquinas:
compute-0-6.local
compute-0-6.local
compute-0-6.local
compute-0-6.local
compute-0-1.local
compute-0-1.local
compute-0-1.local
compute-0-2.local
----------------------------------------

real	0m1.044s
user	0m0.026s
sys	0m0.025s
----------------------------------------
Trabajo finalizado: Mon May 18 08:13:11 EDT 2026
