=== Iniciando trabajo TSP con MPI ===
Ciudades        : 50
Slots pedidos   : 4
Nodo maestro    : compute-0-4.local
Fecha inicio    : Mon May 18 07:14:10 EDT 2026
Nodos asignados :
compute-0-4.local 3 all.q@compute-0-4.local UNDEFINED
compute-0-3.local 1 all.q@compute-0-3.local UNDEFINED
----------------------------------------
Fichero de maquinas:
compute-0-4.local
compute-0-4.local
compute-0-4.local
compute-0-3.local
----------------------------------------

real	24m37.618s
user	56m54.442s
sys	2m14.953s
----------------------------------------
Trabajo finalizado: Mon May 18 07:38:47 EDT 2026
