=== Iniciando trabajo TSP con MPI ===
Ciudades        : 50
Slots pedidos   : 16
Nodo maestro    : compute-0-6.local
Fecha inicio    : Mon May 18 07:14:10 EDT 2026
Nodos asignados :
compute-0-6.local 4 all.q@compute-0-6.local UNDEFINED
compute-0-1.local 3 all.q@compute-0-1.local UNDEFINED
compute-0-5.local 4 all.q@compute-0-5.local UNDEFINED
compute-0-2.local 4 all.q@compute-0-2.local UNDEFINED
compute-0-4.local 1 all.q@compute-0-4.local UNDEFINED
----------------------------------------
Fichero de maquinas:
compute-0-6.local
compute-0-6.local
compute-0-6.local
compute-0-6.local
compute-0-1.local
compute-0-1.local
compute-0-1.local
compute-0-5.local
compute-0-5.local
compute-0-5.local
compute-0-5.local
compute-0-2.local
compute-0-2.local
compute-0-2.local
compute-0-2.local
compute-0-4.local
----------------------------------------

real	58m30.551s
user	230m18.767s
sys	3m37.152s
----------------------------------------
Trabajo finalizado: Mon May 18 08:12:40 EDT 2026
